<?xml version="1.0"?>
<link_info>
   <banner>TMS320C55x Linker PC v4.4.1</banner>
   <copyright>Copyright (c) 1996-2012 Texas Instruments Incorporated</copyright>
   <link_time>0x5f46c323</link_time>
   <output_file>DemoApp1.out</output_file>
   <entry_point>
      <name>_c_int00</name>
      <address>0x1665c</address>
   </entry_point>
   <input_file_list>
      <input_file id="fl-2">
         <path>.\src\</path>
         <kind>object</kind>
         <file>PLL.obj</file>
         <name>PLL.obj</name>
      </input_file>
      <input_file id="fl-3">
         <path>.\src\</path>
         <kind>object</kind>
         <file>aic3204.obj</file>
         <name>aic3204.obj</name>
      </input_file>
      <input_file id="fl-4">
         <path>.\src\</path>
         <kind>object</kind>
         <file>aic3204_init.obj</file>
         <name>aic3204_init.obj</name>
      </input_file>
      <input_file id="fl-5">
         <path>.\src\</path>
         <kind>object</kind>
         <file>main.obj</file>
         <name>main.obj</name>
      </input_file>
      <input_file id="fl-6">
         <path>.\src\</path>
         <kind>object</kind>
         <file>oled5515.obj</file>
         <name>oled5515.obj</name>
      </input_file>
      <input_file id="fl-7">
         <path>.\src\</path>
         <kind>object</kind>
         <file>pushbuttons5515.obj</file>
         <name>pushbuttons5515.obj</name>
      </input_file>
      <input_file id="fl-8">
         <path>.\src\</path>
         <kind>object</kind>
         <file>stereo.obj</file>
         <name>stereo.obj</name>
      </input_file>
      <input_file id="fl-9">
         <path>.\src\</path>
         <kind>object</kind>
         <file>usbstk5515.obj</file>
         <name>usbstk5515.obj</name>
      </input_file>
      <input_file id="fl-a">
         <path>.\src\</path>
         <kind>object</kind>
         <file>usbstk5515_gpio.obj</file>
         <name>usbstk5515_gpio.obj</name>
      </input_file>
      <input_file id="fl-b">
         <path>.\src\</path>
         <kind>object</kind>
         <file>usbstk5515_i2c.obj</file>
         <name>usbstk5515_i2c.obj</name>
      </input_file>
      <input_file id="fl-c">
         <path>.\src\</path>
         <kind>object</kind>
         <file>usbstk5515_led.obj</file>
         <name>usbstk5515_led.obj</name>
      </input_file>
      <input_file id="fl-12">
         <path>..\</path>
         <kind>archive</kind>
         <file>CSLc55x5h.lib</file>
         <name>csl_pll.obj</name>
      </input_file>
      <input_file id="fl-26">
         <path>D:\ti\ccs1010\ccs\tools\compiler\c5500_4.4.1\lib\</path>
         <kind>archive</kind>
         <file>rts55h.lib</file>
         <name>addd.obj</name>
      </input_file>
      <input_file id="fl-27">
         <path>D:\ti\ccs1010\ccs\tools\compiler\c5500_4.4.1\lib\</path>
         <kind>archive</kind>
         <file>rts55h.lib</file>
         <name>boot.obj</name>
      </input_file>
      <input_file id="fl-28">
         <path>D:\ti\ccs1010\ccs\tools\compiler\c5500_4.4.1\lib\</path>
         <kind>archive</kind>
         <file>rts55h.lib</file>
         <name>divli.obj</name>
      </input_file>
      <input_file id="fl-29">
         <path>D:\ti\ccs1010\ccs\tools\compiler\c5500_4.4.1\lib\</path>
         <kind>archive</kind>
         <file>rts55h.lib</file>
         <name>divul.obj</name>
      </input_file>
      <input_file id="fl-2a">
         <path>D:\ti\ccs1010\ccs\tools\compiler\c5500_4.4.1\lib\</path>
         <kind>archive</kind>
         <file>rts55h.lib</file>
         <name>exit.obj</name>
      </input_file>
      <input_file id="fl-2b">
         <path>D:\ti\ccs1010\ccs\tools\compiler\c5500_4.4.1\lib\</path>
         <kind>archive</kind>
         <file>rts55h.lib</file>
         <name>fixdi.obj</name>
      </input_file>
      <input_file id="fl-2c">
         <path>D:\ti\ccs1010\ccs\tools\compiler\c5500_4.4.1\lib\</path>
         <kind>archive</kind>
         <file>rts55h.lib</file>
         <name>fixdli.obj</name>
      </input_file>
      <input_file id="fl-2d">
         <path>D:\ti\ccs1010\ccs\tools\compiler\c5500_4.4.1\lib\</path>
         <kind>archive</kind>
         <file>rts55h.lib</file>
         <name>fixdu.obj</name>
      </input_file>
      <input_file id="fl-2e">
         <path>D:\ti\ccs1010\ccs\tools\compiler\c5500_4.4.1\lib\</path>
         <kind>archive</kind>
         <file>rts55h.lib</file>
         <name>fixdul.obj</name>
      </input_file>
      <input_file id="fl-2f">
         <path>D:\ti\ccs1010\ccs\tools\compiler\c5500_4.4.1\lib\</path>
         <kind>archive</kind>
         <file>rts55h.lib</file>
         <name>fltlid.obj</name>
      </input_file>
      <input_file id="fl-30">
         <path>D:\ti\ccs1010\ccs\tools\compiler\c5500_4.4.1\lib\</path>
         <kind>archive</kind>
         <file>rts55h.lib</file>
         <name>fltuld.obj</name>
      </input_file>
      <input_file id="fl-31">
         <path>D:\ti\ccs1010\ccs\tools\compiler\c5500_4.4.1\lib\</path>
         <kind>archive</kind>
         <file>rts55h.lib</file>
         <name>lmpy.obj</name>
      </input_file>
      <input_file id="fl-32">
         <path>D:\ti\ccs1010\ccs\tools\compiler\c5500_4.4.1\lib\</path>
         <kind>archive</kind>
         <file>rts55h.lib</file>
         <name>mpyd.obj</name>
      </input_file>
      <input_file id="fl-33">
         <path>D:\ti\ccs1010\ccs\tools\compiler\c5500_4.4.1\lib\</path>
         <kind>archive</kind>
         <file>rts55h.lib</file>
         <name>negd.obj</name>
      </input_file>
      <input_file id="fl-34">
         <path>D:\ti\ccs1010\ccs\tools\compiler\c5500_4.4.1\lib\</path>
         <kind>archive</kind>
         <file>rts55h.lib</file>
         <name>printf.obj</name>
      </input_file>
      <input_file id="fl-35">
         <path>D:\ti\ccs1010\ccs\tools\compiler\c5500_4.4.1\lib\</path>
         <kind>archive</kind>
         <file>rts55h.lib</file>
         <name>sin.obj</name>
      </input_file>
      <input_file id="fl-36">
         <path>D:\ti\ccs1010\ccs\tools\compiler\c5500_4.4.1\lib\</path>
         <kind>archive</kind>
         <file>rts55h.lib</file>
         <name>subd.obj</name>
      </input_file>
      <input_file id="fl-37">
         <path>D:\ti\ccs1010\ccs\tools\compiler\c5500_4.4.1\lib\</path>
         <kind>archive</kind>
         <file>rts55h.lib</file>
         <name>trunc.obj</name>
      </input_file>
      <input_file id="fl-38">
         <path>D:\ti\ccs1010\ccs\tools\compiler\c5500_4.4.1\lib\</path>
         <kind>archive</kind>
         <file>rts55h.lib</file>
         <name>vectors.obj</name>
      </input_file>
      <input_file id="fl-39">
         <path>D:\ti\ccs1010\ccs\tools\compiler\c5500_4.4.1\lib\</path>
         <kind>archive</kind>
         <file>rts55h.lib</file>
         <name>_lock.obj</name>
      </input_file>
      <input_file id="fl-3a">
         <path>D:\ti\ccs1010\ccs\tools\compiler\c5500_4.4.1\lib\</path>
         <kind>archive</kind>
         <file>rts55h.lib</file>
         <name>_printfi.obj</name>
      </input_file>
      <input_file id="fl-3b">
         <path>D:\ti\ccs1010\ccs\tools\compiler\c5500_4.4.1\lib\</path>
         <kind>archive</kind>
         <file>rts55h.lib</file>
         <name>args_main.obj</name>
      </input_file>
      <input_file id="fl-3c">
         <path>D:\ti\ccs1010\ccs\tools\compiler\c5500_4.4.1\lib\</path>
         <kind>archive</kind>
         <file>rts55h.lib</file>
         <name>atoi.obj</name>
      </input_file>
      <input_file id="fl-3d">
         <path>D:\ti\ccs1010\ccs\tools\compiler\c5500_4.4.1\lib\</path>
         <kind>archive</kind>
         <file>rts55h.lib</file>
         <name>autoinit.obj</name>
      </input_file>
      <input_file id="fl-3e">
         <path>D:\ti\ccs1010\ccs\tools\compiler\c5500_4.4.1\lib\</path>
         <kind>archive</kind>
         <file>rts55h.lib</file>
         <name>cmpd.obj</name>
      </input_file>
      <input_file id="fl-3f">
         <path>D:\ti\ccs1010\ccs\tools\compiler\c5500_4.4.1\lib\</path>
         <kind>archive</kind>
         <file>rts55h.lib</file>
         <name>ctype.obj</name>
      </input_file>
      <input_file id="fl-40">
         <path>D:\ti\ccs1010\ccs\tools\compiler\c5500_4.4.1\lib\</path>
         <kind>archive</kind>
         <file>rts55h.lib</file>
         <name>defs.obj</name>
      </input_file>
      <input_file id="fl-41">
         <path>D:\ti\ccs1010\ccs\tools\compiler\c5500_4.4.1\lib\</path>
         <kind>archive</kind>
         <file>rts55h.lib</file>
         <name>divd.obj</name>
      </input_file>
      <input_file id="fl-42">
         <path>D:\ti\ccs1010\ccs\tools\compiler\c5500_4.4.1\lib\</path>
         <kind>archive</kind>
         <file>rts55h.lib</file>
         <name>fltid.obj</name>
      </input_file>
      <input_file id="fl-43">
         <path>D:\ti\ccs1010\ccs\tools\compiler\c5500_4.4.1\lib\</path>
         <kind>archive</kind>
         <file>rts55h.lib</file>
         <name>fputc.obj</name>
      </input_file>
      <input_file id="fl-44">
         <path>D:\ti\ccs1010\ccs\tools\compiler\c5500_4.4.1\lib\</path>
         <kind>archive</kind>
         <file>rts55h.lib</file>
         <name>fputs.obj</name>
      </input_file>
      <input_file id="fl-45">
         <path>D:\ti\ccs1010\ccs\tools\compiler\c5500_4.4.1\lib\</path>
         <kind>archive</kind>
         <file>rts55h.lib</file>
         <name>frcmpyd.obj</name>
      </input_file>
      <input_file id="fl-46">
         <path>D:\ti\ccs1010\ccs\tools\compiler\c5500_4.4.1\lib\</path>
         <kind>archive</kind>
         <file>rts55h.lib</file>
         <name>frcmpyd_div.obj</name>
      </input_file>
      <input_file id="fl-47">
         <path>D:\ti\ccs1010\ccs\tools\compiler\c5500_4.4.1\lib\</path>
         <kind>archive</kind>
         <file>rts55h.lib</file>
         <name>isinf.obj</name>
      </input_file>
      <input_file id="fl-48">
         <path>D:\ti\ccs1010\ccs\tools\compiler\c5500_4.4.1\lib\</path>
         <kind>archive</kind>
         <file>rts55h.lib</file>
         <name>llmpy.obj</name>
      </input_file>
      <input_file id="fl-49">
         <path>D:\ti\ccs1010\ccs\tools\compiler\c5500_4.4.1\lib\</path>
         <kind>archive</kind>
         <file>rts55h.lib</file>
         <name>lowlev.obj</name>
      </input_file>
      <input_file id="fl-4a">
         <path>D:\ti\ccs1010\ccs\tools\compiler\c5500_4.4.1\lib\</path>
         <kind>archive</kind>
         <file>rts55h.lib</file>
         <name>ltoa.obj</name>
      </input_file>
      <input_file id="fl-4b">
         <path>D:\ti\ccs1010\ccs\tools\compiler\c5500_4.4.1\lib\</path>
         <kind>archive</kind>
         <file>rts55h.lib</file>
         <name>memccpy.obj</name>
      </input_file>
      <input_file id="fl-4c">
         <path>D:\ti\ccs1010\ccs\tools\compiler\c5500_4.4.1\lib\</path>
         <kind>archive</kind>
         <file>rts55h.lib</file>
         <name>memcpy.obj</name>
      </input_file>
      <input_file id="fl-4d">
         <path>D:\ti\ccs1010\ccs\tools\compiler\c5500_4.4.1\lib\</path>
         <kind>archive</kind>
         <file>rts55h.lib</file>
         <name>modf.obj</name>
      </input_file>
      <input_file id="fl-4e">
         <path>D:\ti\ccs1010\ccs\tools\compiler\c5500_4.4.1\lib\</path>
         <kind>archive</kind>
         <file>rts55h.lib</file>
         <name>remli.obj</name>
      </input_file>
      <input_file id="fl-4f">
         <path>D:\ti\ccs1010\ccs\tools\compiler\c5500_4.4.1\lib\</path>
         <kind>archive</kind>
         <file>rts55h.lib</file>
         <name>remul.obj</name>
      </input_file>
      <input_file id="fl-50">
         <path>D:\ti\ccs1010\ccs\tools\compiler\c5500_4.4.1\lib\</path>
         <kind>archive</kind>
         <file>rts55h.lib</file>
         <name>round.obj</name>
      </input_file>
      <input_file id="fl-51">
         <path>D:\ti\ccs1010\ccs\tools\compiler\c5500_4.4.1\lib\</path>
         <kind>archive</kind>
         <file>rts55h.lib</file>
         <name>trgdrv.obj</name>
      </input_file>
      <input_file id="fl-52">
         <path>D:\ti\ccs1010\ccs\tools\compiler\c5500_4.4.1\lib\</path>
         <kind>archive</kind>
         <file>rts55h.lib</file>
         <name>trgmsg.obj</name>
      </input_file>
      <input_file id="fl-53">
         <path>D:\ti\ccs1010\ccs\tools\compiler\c5500_4.4.1\lib\</path>
         <kind>archive</kind>
         <file>rts55h.lib</file>
         <name>udiv.obj</name>
      </input_file>
      <input_file id="fl-54">
         <path>D:\ti\ccs1010\ccs\tools\compiler\c5500_4.4.1\lib\</path>
         <kind>archive</kind>
         <file>rts55h.lib</file>
         <name>_io_perm.obj</name>
      </input_file>
      <input_file id="fl-55">
         <path>D:\ti\ccs1010\ccs\tools\compiler\c5500_4.4.1\lib\</path>
         <kind>archive</kind>
         <file>rts55h.lib</file>
         <name>fflush.obj</name>
      </input_file>
      <input_file id="fl-56">
         <path>D:\ti\ccs1010\ccs\tools\compiler\c5500_4.4.1\lib\</path>
         <kind>archive</kind>
         <file>rts55h.lib</file>
         <name>fseek.obj</name>
      </input_file>
      <input_file id="fl-57">
         <path>D:\ti\ccs1010\ccs\tools\compiler\c5500_4.4.1\lib\</path>
         <kind>archive</kind>
         <file>rts55h.lib</file>
         <name>setvbuf.obj</name>
      </input_file>
      <input_file id="fl-58">
         <path>D:\ti\ccs1010\ccs\tools\compiler\c5500_4.4.1\lib\</path>
         <kind>archive</kind>
         <file>rts55h.lib</file>
         <name>fopen.obj</name>
      </input_file>
      <input_file id="fl-59">
         <path>D:\ti\ccs1010\ccs\tools\compiler\c5500_4.4.1\lib\</path>
         <kind>archive</kind>
         <file>rts55h.lib</file>
         <name>memory.obj</name>
      </input_file>
      <input_file id="fl-5a">
         <path>D:\ti\ccs1010\ccs\tools\compiler\c5500_4.4.1\lib\</path>
         <kind>archive</kind>
         <file>rts55h.lib</file>
         <name>fclose.obj</name>
      </input_file>
      <input_file id="fl-5b">
         <path>D:\ti\ccs1010\ccs\tools\compiler\c5500_4.4.1\lib\</path>
         <kind>archive</kind>
         <file>rts55h.lib</file>
         <name>remove.obj</name>
      </input_file>
   </input_file_list>
   <object_component_list>
      <object_component id="oc-aa">
         <name>vectors</name>
         <load_address>0xffff00</load_address>
         <run_address>0xffff00</run_address>
         <size>0x100</size>
         <input_file_ref idref="fl-38"/>
      </object_component>
      <object_component id="oc-2d">
         <name>.cinit</name>
         <load_address>0xc58</load_address>
         <run_address>0xc58</run_address>
         <size>0x184</size>
         <input_file_ref idref="fl-6"/>
      </object_component>
      <object_component id="oc-10">
         <name>.cinit</name>
         <load_address>0xddc</load_address>
         <run_address>0xddc</run_address>
         <size>0x8c</size>
         <input_file_ref idref="fl-2"/>
      </object_component>
      <object_component id="oc-f4">
         <name>.cinit</name>
         <load_address>0xe68</load_address>
         <run_address>0xe68</run_address>
         <size>0x5a</size>
         <input_file_ref idref="fl-49"/>
      </object_component>
      <object_component id="oc-ce">
         <name>.cinit</name>
         <load_address>0xec2</load_address>
         <run_address>0xec2</run_address>
         <size>0x54</size>
         <input_file_ref idref="fl-40"/>
      </object_component>
      <object_component id="oc-34">
         <name>.cinit</name>
         <load_address>0xf16</load_address>
         <run_address>0xf16</run_address>
         <size>0x48</size>
         <input_file_ref idref="fl-7"/>
      </object_component>
      <object_component id="oc-24">
         <name>.cinit</name>
         <load_address>0xf5e</load_address>
         <run_address>0xf5e</run_address>
         <size>0x1a</size>
         <input_file_ref idref="fl-5"/>
      </object_component>
      <object_component id="oc-9c">
         <name>.cinit</name>
         <load_address>0xf78</load_address>
         <run_address>0xf78</run_address>
         <size>0x16</size>
         <input_file_ref idref="fl-35"/>
      </object_component>
      <object_component id="oc-b1">
         <name>.cinit</name>
         <load_address>0xf8e</load_address>
         <run_address>0xf8e</run_address>
         <size>0x14</size>
         <input_file_ref idref="fl-39"/>
      </object_component>
      <object_component id="oc-6b">
         <name>.cinit</name>
         <load_address>0xfa2</load_address>
         <run_address>0xfa2</run_address>
         <size>0x14</size>
         <input_file_ref idref="fl-2a"/>
      </object_component>
      <object_component id="oc-137">
         <name>.cinit</name>
         <load_address>0xfb6</load_address>
         <run_address>0xfb6</run_address>
         <size>0x8</size>
         <input_file_ref idref="fl-58"/>
      </object_component>
      <object_component id="oc-13d">
         <name>.cinit</name>
         <load_address>0xfbe</load_address>
         <run_address>0xfbe</run_address>
         <size>0x8</size>
         <input_file_ref idref="fl-59"/>
      </object_component>
      <object_component id="oc-4a">
         <name>.cinit</name>
         <load_address>0xfc6</load_address>
         <run_address>0xfc6</run_address>
         <size>0x8</size>
         <input_file_ref idref="fl-b"/>
      </object_component>
      <object_component id="oc-b4">
         <name>.text</name>
         <load_address>0x10000</load_address>
         <run_address>0x10000</run_address>
         <size>0x1533</size>
         <input_file_ref idref="fl-3a"/>
      </object_component>
      <object_component id="oc-2a">
         <name>.text</name>
         <load_address>0x11533</load_address>
         <run_address>0x11533</run_address>
         <size>0x850</size>
         <input_file_ref idref="fl-6"/>
      </object_component>
      <object_component id="oc-21">
         <name>.text</name>
         <load_address>0x11d83</load_address>
         <run_address>0x11d83</run_address>
         <size>0x712</size>
         <input_file_ref idref="fl-5"/>
      </object_component>
      <object_component id="oc-115">
         <name>.text</name>
         <load_address>0x12495</load_address>
         <run_address>0x12495</run_address>
         <size>0x538</size>
         <input_file_ref idref="fl-51"/>
      </object_component>
      <object_component id="oc-13a">
         <name>.text</name>
         <load_address>0x129cd</load_address>
         <run_address>0x129cd</run_address>
         <size>0x533</size>
         <input_file_ref idref="fl-59"/>
      </object_component>
      <object_component id="oc-1b">
         <name>.text</name>
         <load_address>0x12f00</load_address>
         <run_address>0x12f00</run_address>
         <size>0x522</size>
         <input_file_ref idref="fl-4"/>
      </object_component>
      <object_component id="oc-f1">
         <name>.text</name>
         <load_address>0x13422</load_address>
         <run_address>0x13422</run_address>
         <size>0x518</size>
         <input_file_ref idref="fl-49"/>
      </object_component>
      <object_component id="oc-d0">
         <name>.text</name>
         <load_address>0x1393a</load_address>
         <run_address>0x1393a</run_address>
         <size>0x3c7</size>
         <input_file_ref idref="fl-41"/>
      </object_component>
      <object_component id="oc-d">
         <name>.text</name>
         <load_address>0x13d01</load_address>
         <run_address>0x13d01</run_address>
         <size>0x340</size>
         <input_file_ref idref="fl-2"/>
      </object_component>
      <object_component id="oc-31">
         <name>.text</name>
         <load_address>0x14041</load_address>
         <run_address>0x14041</run_address>
         <size>0x2b6</size>
         <input_file_ref idref="fl-7"/>
      </object_component>
      <object_component id="oc-53">
         <name>.text</name>
         <load_address>0x142f7</load_address>
         <run_address>0x142f7</run_address>
         <size>0x2ad</size>
         <input_file_ref idref="fl-12"/>
      </object_component>
      <object_component id="oc-134">
         <name>.text</name>
         <load_address>0x145a4</load_address>
         <run_address>0x145a4</run_address>
         <size>0x26c</size>
         <input_file_ref idref="fl-58"/>
      </object_component>
      <object_component id="oc-ed">
         <name>.text</name>
         <load_address>0x14810</load_address>
         <run_address>0x14810</run_address>
         <size>0x25c</size>
         <input_file_ref idref="fl-48"/>
      </object_component>
      <object_component id="oc-58">
         <name>.text</name>
         <load_address>0x14a6c</load_address>
         <run_address>0x14a6c</run_address>
         <size>0x257</size>
         <input_file_ref idref="fl-26"/>
      </object_component>
      <object_component id="oc-99">
         <name>.text</name>
         <load_address>0x14cc3</load_address>
         <run_address>0x14cc3</run_address>
         <size>0x1f2</size>
         <input_file_ref idref="fl-35"/>
      </object_component>
      <object_component id="oc-c6">
         <name>.text</name>
         <load_address>0x14eb5</load_address>
         <run_address>0x14eb5</run_address>
         <size>0x1ea</size>
         <input_file_ref idref="fl-3e"/>
      </object_component>
      <object_component id="oc-4e">
         <name>.text</name>
         <load_address>0x1509f</load_address>
         <run_address>0x1509f</run_address>
         <size>0x1c9</size>
         <input_file_ref idref="fl-c"/>
      </object_component>
      <object_component id="oc-dc">
         <name>.text</name>
         <load_address>0x15268</load_address>
         <run_address>0x15268</run_address>
         <size>0x17b</size>
         <input_file_ref idref="fl-44"/>
      </object_component>
      <object_component id="oc-42">
         <name>.text</name>
         <load_address>0x153e3</load_address>
         <run_address>0x153e3</run_address>
         <size>0x156</size>
         <input_file_ref idref="fl-a"/>
      </object_component>
      <object_component id="oc-8d">
         <name>.text</name>
         <load_address>0x15539</load_address>
         <run_address>0x15539</run_address>
         <size>0x14b</size>
         <input_file_ref idref="fl-32"/>
      </object_component>
      <object_component id="oc-47">
         <name>.text</name>
         <load_address>0x15684</load_address>
         <run_address>0x15684</run_address>
         <size>0x13e</size>
         <input_file_ref idref="fl-b"/>
      </object_component>
      <object_component id="oc-15">
         <name>.text</name>
         <load_address>0x157c2</load_address>
         <run_address>0x157c2</run_address>
         <size>0x13b</size>
         <input_file_ref idref="fl-3"/>
      </object_component>
      <object_component id="oc-130">
         <name>.text</name>
         <load_address>0x158fd</load_address>
         <run_address>0x158fd</run_address>
         <size>0xf3</size>
         <input_file_ref idref="fl-57"/>
      </object_component>
      <object_component id="oc-124">
         <name>.text</name>
         <load_address>0x159f0</load_address>
         <run_address>0x159f0</run_address>
         <size>0xda</size>
         <input_file_ref idref="fl-54"/>
      </object_component>
      <object_component id="oc-11d">
         <name>.text:CIO_breakpoint</name>
         <load_address>0x15aca</load_address>
         <run_address>0x15aca</run_address>
         <size>0xbe</size>
         <input_file_ref idref="fl-52"/>
      </object_component>
      <object_component id="oc-103">
         <name>.text</name>
         <load_address>0x15b88</load_address>
         <run_address>0x15b88</run_address>
         <size>0xbd</size>
         <input_file_ref idref="fl-4d"/>
      </object_component>
      <object_component id="oc-128">
         <name>.text</name>
         <load_address>0x15c45</load_address>
         <run_address>0x15c45</run_address>
         <size>0xba</size>
         <input_file_ref idref="fl-55"/>
      </object_component>
      <object_component id="oc-d8">
         <name>.text</name>
         <load_address>0x15cff</load_address>
         <run_address>0x15cff</run_address>
         <size>0xa2</size>
         <input_file_ref idref="fl-43"/>
      </object_component>
      <object_component id="oc-64">
         <name>.text</name>
         <load_address>0x15da1</load_address>
         <run_address>0x15da1</run_address>
         <size>0xa0</size>
         <input_file_ref idref="fl-29"/>
      </object_component>
      <object_component id="oc-f7">
         <name>.text</name>
         <load_address>0x15e41</load_address>
         <run_address>0x15e41</run_address>
         <size>0x79</size>
         <input_file_ref idref="fl-4a"/>
      </object_component>
      <object_component id="oc-141">
         <name>.text</name>
         <load_address>0x15eba</load_address>
         <run_address>0x15eba</run_address>
         <size>0x76</size>
         <input_file_ref idref="fl-5a"/>
      </object_component>
      <object_component id="oc-7b">
         <name>.text</name>
         <load_address>0x15f30</load_address>
         <run_address>0x15f30</run_address>
         <size>0x76</size>
         <input_file_ref idref="fl-2e"/>
      </object_component>
      <object_component id="oc-e1">
         <name>.text</name>
         <load_address>0x15fa6</load_address>
         <run_address>0x15fa6</run_address>
         <size>0x76</size>
         <input_file_ref idref="fl-45"/>
      </object_component>
      <object_component id="oc-e5">
         <name>.text</name>
         <load_address>0x1601c</load_address>
         <run_address>0x1601c</run_address>
         <size>0x73</size>
         <input_file_ref idref="fl-46"/>
      </object_component>
      <object_component id="oc-10c">
         <name>.text</name>
         <load_address>0x1608f</load_address>
         <run_address>0x1608f</run_address>
         <size>0x70</size>
         <input_file_ref idref="fl-4f"/>
      </object_component>
      <object_component id="oc-73">
         <name>.text</name>
         <load_address>0x160ff</load_address>
         <run_address>0x160ff</run_address>
         <size>0x6e</size>
         <input_file_ref idref="fl-2c"/>
      </object_component>
      <object_component id="oc-11a">
         <name>.text</name>
         <load_address>0x1616d</load_address>
         <run_address>0x1616d</run_address>
         <size>0x6b</size>
         <input_file_ref idref="fl-52"/>
      </object_component>
      <object_component id="oc-12c">
         <name>.text</name>
         <load_address>0x161d8</load_address>
         <run_address>0x161d8</run_address>
         <size>0x68</size>
         <input_file_ref idref="fl-56"/>
      </object_component>
      <object_component id="oc-7f">
         <name>.text</name>
         <load_address>0x16240</load_address>
         <run_address>0x16240</run_address>
         <size>0x67</size>
         <input_file_ref idref="fl-2f"/>
      </object_component>
      <object_component id="oc-110">
         <name>.text</name>
         <load_address>0x162a7</load_address>
         <run_address>0x162a7</run_address>
         <size>0x60</size>
         <input_file_ref idref="fl-50"/>
      </object_component>
      <object_component id="oc-84">
         <name>.text</name>
         <load_address>0x16307</load_address>
         <run_address>0x16307</run_address>
         <size>0x5b</size>
         <input_file_ref idref="fl-30"/>
      </object_component>
      <object_component id="oc-be">
         <name>.text</name>
         <load_address>0x16362</load_address>
         <run_address>0x16362</run_address>
         <size>0x59</size>
         <input_file_ref idref="fl-3c"/>
      </object_component>
      <object_component id="oc-ff">
         <name>.text</name>
         <load_address>0x163bb</load_address>
         <run_address>0x163bb</run_address>
         <size>0x56</size>
         <input_file_ref idref="fl-4c"/>
      </object_component>
      <object_component id="oc-3d">
         <name>.text</name>
         <load_address>0x16411</load_address>
         <run_address>0x16411</run_address>
         <size>0x54</size>
         <input_file_ref idref="fl-9"/>
      </object_component>
      <object_component id="oc-95">
         <name>.text</name>
         <load_address>0x16465</load_address>
         <run_address>0x16465</run_address>
         <size>0x4e</size>
         <input_file_ref idref="fl-34"/>
      </object_component>
      <object_component id="oc-c2">
         <name>.text</name>
         <load_address>0x164b3</load_address>
         <run_address>0x164b3</run_address>
         <size>0x4d</size>
         <input_file_ref idref="fl-3d"/>
      </object_component>
      <object_component id="oc-108">
         <name>.text</name>
         <load_address>0x16500</load_address>
         <run_address>0x16500</run_address>
         <size>0x4b</size>
         <input_file_ref idref="fl-4e"/>
      </object_component>
      <object_component id="oc-ba">
         <name>.text</name>
         <load_address>0x1654b</load_address>
         <run_address>0x1654b</run_address>
         <size>0x49</size>
         <input_file_ref idref="fl-3b"/>
      </object_component>
      <object_component id="oc-60">
         <name>.text</name>
         <load_address>0x16594</load_address>
         <run_address>0x16594</run_address>
         <size>0x48</size>
         <input_file_ref idref="fl-28"/>
      </object_component>
      <object_component id="oc-a4">
         <name>.text</name>
         <load_address>0x165dc</load_address>
         <run_address>0x165dc</run_address>
         <size>0x42</size>
         <input_file_ref idref="fl-37"/>
      </object_component>
      <object_component id="oc-68">
         <name>.text</name>
         <load_address>0x1661e</load_address>
         <run_address>0x1661e</run_address>
         <size>0x3e</size>
         <input_file_ref idref="fl-2a"/>
      </object_component>
      <object_component id="oc-c">
         <name>.text</name>
         <load_address>0x1665c</load_address>
         <run_address>0x1665c</run_address>
         <size>0x34</size>
         <input_file_ref idref="fl-27"/>
      </object_component>
      <object_component id="oc-6f">
         <name>.text</name>
         <load_address>0x16690</load_address>
         <run_address>0x16690</run_address>
         <size>0x2a</size>
         <input_file_ref idref="fl-2b"/>
      </object_component>
      <object_component id="oc-120">
         <name>.text</name>
         <load_address>0x166ba</load_address>
         <run_address>0x166ba</run_address>
         <size>0x2a</size>
         <input_file_ref idref="fl-53"/>
      </object_component>
      <object_component id="oc-fb">
         <name>.text</name>
         <load_address>0x166e4</load_address>
         <run_address>0x166e4</run_address>
         <size>0x22</size>
         <input_file_ref idref="fl-4b"/>
      </object_component>
      <object_component id="oc-38">
         <name>.text</name>
         <load_address>0x16706</load_address>
         <run_address>0x16706</run_address>
         <size>0x1c</size>
         <input_file_ref idref="fl-8"/>
      </object_component>
      <object_component id="oc-77">
         <name>.text</name>
         <load_address>0x16722</load_address>
         <run_address>0x16722</run_address>
         <size>0x1b</size>
         <input_file_ref idref="fl-2d"/>
      </object_component>
      <object_component id="oc-e9">
         <name>.text</name>
         <load_address>0x1673d</load_address>
         <run_address>0x1673d</run_address>
         <size>0x1a</size>
         <input_file_ref idref="fl-47"/>
      </object_component>
      <object_component id="oc-a0">
         <name>.text</name>
         <load_address>0x16757</load_address>
         <run_address>0x16757</run_address>
         <size>0x14</size>
         <input_file_ref idref="fl-36"/>
      </object_component>
      <object_component id="oc-89">
         <name>.text</name>
         <load_address>0x1676b</load_address>
         <run_address>0x1676b</run_address>
         <size>0x13</size>
         <input_file_ref idref="fl-31"/>
      </object_component>
      <object_component id="oc-ae">
         <name>.text</name>
         <load_address>0x1677e</load_address>
         <run_address>0x1677e</run_address>
         <size>0x12</size>
         <input_file_ref idref="fl-39"/>
      </object_component>
      <object_component id="oc-91">
         <name>.text</name>
         <load_address>0x16790</load_address>
         <run_address>0x16790</run_address>
         <size>0x10</size>
         <input_file_ref idref="fl-33"/>
      </object_component>
      <object_component id="oc-d4">
         <name>.text</name>
         <load_address>0x167a0</load_address>
         <run_address>0x167a0</run_address>
         <size>0xc</size>
         <input_file_ref idref="fl-42"/>
      </object_component>
      <object_component id="oc-145">
         <name>.text</name>
         <load_address>0x167ac</load_address>
         <run_address>0x167ac</run_address>
         <size>0xa</size>
         <input_file_ref idref="fl-5b"/>
      </object_component>
      <object_component id="oc-6c">
         <name>.text:CIO_breakpoint</name>
         <load_address>0x167b6</load_address>
         <run_address>0x167b6</run_address>
         <size>0x7</size>
         <input_file_ref idref="fl-2a"/>
      </object_component>
      <object_component id="oc-a9">
         <name>.text</name>
         <load_address>0x167bd</load_address>
         <run_address>0x167bd</run_address>
         <size>0x2</size>
         <input_file_ref idref="fl-38"/>
      </object_component>
      <object_component id="oc-5c">
         <name>.stack</name>
         <uninitialized>true</uninitialized>
         <run_address>0x1210</run_address>
         <size>0x0</size>
         <input_file_ref idref="fl-27"/>
      </object_component>
      <object_component id="oc-15f">
         <name>.stack</name>
         <uninitialized>true</uninitialized>
         <run_address>0x1210</run_address>
         <size>0x0</size>
      </object_component>
      <object_component id="oc-149">
         <name>.sysstack</name>
         <uninitialized>true</uninitialized>
         <run_address>0x1410</run_address>
         <size>0x0</size>
         <input_file_ref idref="fl-27"/>
      </object_component>
      <object_component id="oc-161">
         <name>.sysstack</name>
         <uninitialized>true</uninitialized>
         <run_address>0x1410</run_address>
         <size>0x0</size>
      </object_component>
      <object_component id="oc-13e">
         <name>.sysmem</name>
         <uninitialized>true</uninitialized>
         <run_address>0x8000</run_address>
         <size>0x0</size>
         <input_file_ref idref="fl-59"/>
      </object_component>
      <object_component id="oc-160">
         <name>.sysmem</name>
         <uninitialized>true</uninitialized>
         <run_address>0x8000</run_address>
         <size>0x0</size>
      </object_component>
      <object_component id="oc-11c">
         <name>.cio</name>
         <uninitialized>true</uninitialized>
         <run_address>0xfd0</run_address>
         <size>0x240</size>
         <input_file_ref idref="fl-52"/>
      </object_component>
      <object_component id="oc-e">
         <name>.bss</name>
         <uninitialized>true</uninitialized>
         <run_address>0x3db04</run_address>
         <size>0x6c</size>
         <input_file_ref idref="fl-2"/>
      </object_component>
      <object_component id="oc-16">
         <name>.bss</name>
         <uninitialized>true</uninitialized>
         <run_address>0x3dbb8</run_address>
         <size>0x4</size>
         <input_file_ref idref="fl-3"/>
      </object_component>
      <object_component id="oc-22">
         <name>.bss</name>
         <uninitialized>true</uninitialized>
         <run_address>0x20000</run_address>
         <size>0x1d4d4</size>
         <input_file_ref idref="fl-5"/>
      </object_component>
      <object_component id="oc-2b">
         <name>.bss</name>
         <uninitialized>true</uninitialized>
         <run_address>0x3d8a6</run_address>
         <size>0x178</size>
         <input_file_ref idref="fl-6"/>
      </object_component>
      <object_component id="oc-32">
         <name>.bss</name>
         <uninitialized>true</uninitialized>
         <run_address>0x3db70</run_address>
         <size>0x18</size>
         <input_file_ref idref="fl-7"/>
      </object_component>
      <object_component id="oc-48">
         <name>.bss</name>
         <uninitialized>true</uninitialized>
         <run_address>0x3db02</run_address>
         <size>0x2</size>
         <input_file_ref idref="fl-b"/>
      </object_component>
      <object_component id="oc-69">
         <name>.bss</name>
         <uninitialized>true</uninitialized>
         <run_address>0x3dbb0</run_address>
         <size>0x8</size>
         <input_file_ref idref="fl-2a"/>
      </object_component>
      <object_component id="oc-9a">
         <name>.bss</name>
         <uninitialized>true</uninitialized>
         <run_address>0x3db88</run_address>
         <size>0x10</size>
         <input_file_ref idref="fl-35"/>
      </object_component>
      <object_component id="oc-af">
         <name>.bss</name>
         <uninitialized>true</uninitialized>
         <run_address>0x3dba8</run_address>
         <size>0x8</size>
         <input_file_ref idref="fl-39"/>
      </object_component>
      <object_component id="oc-cc">
         <name>.bss</name>
         <uninitialized>true</uninitialized>
         <run_address>0x3d4d4</run_address>
         <size>0x232</size>
         <input_file_ref idref="fl-40"/>
      </object_component>
      <object_component id="oc-f2">
         <name>.bss</name>
         <uninitialized>true</uninitialized>
         <run_address>0x3da20</run_address>
         <size>0xe2</size>
         <input_file_ref idref="fl-49"/>
      </object_component>
      <object_component id="oc-116">
         <name>.bss</name>
         <uninitialized>true</uninitialized>
         <run_address>0x3d706</run_address>
         <size>0x1a0</size>
         <input_file_ref idref="fl-51"/>
      </object_component>
      <object_component id="oc-135">
         <name>.bss</name>
         <uninitialized>true</uninitialized>
         <run_address>0x3da1e</run_address>
         <size>0x2</size>
         <input_file_ref idref="fl-58"/>
      </object_component>
      <object_component id="oc-13b">
         <name>.bss</name>
         <uninitialized>true</uninitialized>
         <run_address>0x3db98</run_address>
         <size>0xe</size>
         <input_file_ref idref="fl-59"/>
      </object_component>
      <object_component id="oc-11">
         <name>.const:.string</name>
         <load_address>0xc0</load_address>
         <run_address>0xc0</run_address>
         <size>0x46c</size>
         <input_file_ref idref="fl-2"/>
      </object_component>
      <object_component id="oc-1d">
         <name>.const:.string</name>
         <load_address>0x52c</load_address>
         <run_address>0x52c</run_address>
         <size>0x2e8</size>
         <input_file_ref idref="fl-4"/>
      </object_component>
      <object_component id="oc-14a">
         <name>.const:__ctypes_</name>
         <load_address>0x814</load_address>
         <run_address>0x814</run_address>
         <size>0x202</size>
         <input_file_ref idref="fl-3f"/>
      </object_component>
      <object_component id="oc-26">
         <name>.const:.string</name>
         <load_address>0xa18</load_address>
         <run_address>0xa18</run_address>
         <size>0x15e</size>
         <input_file_ref idref="fl-5"/>
      </object_component>
      <object_component id="oc-b7">
         <name>.const:.string</name>
         <load_address>0xb78</load_address>
         <run_address>0xb78</run_address>
         <size>0x48</size>
         <input_file_ref idref="fl-3a"/>
      </object_component>
      <object_component id="oc-9d">
         <name>.const</name>
         <load_address>0xbc0</load_address>
         <run_address>0xbc0</run_address>
         <size>0x28</size>
         <input_file_ref idref="fl-35"/>
      </object_component>
      <object_component id="oc-25">
         <name>.const</name>
         <load_address>0xbe8</load_address>
         <run_address>0xbe8</run_address>
         <size>0x18</size>
         <input_file_ref idref="fl-5"/>
      </object_component>
      <object_component id="oc-b6">
         <name>.const</name>
         <load_address>0xc00</load_address>
         <run_address>0xc00</run_address>
         <size>0x18</size>
         <input_file_ref idref="fl-3a"/>
      </object_component>
      <object_component id="oc-14b">
         <name>.const:_initial_approx$1</name>
         <load_address>0xc18</load_address>
         <run_address>0xc18</run_address>
         <size>0x10</size>
         <input_file_ref idref="fl-41"/>
      </object_component>
      <object_component id="oc-112">
         <name>.const</name>
         <load_address>0xc28</load_address>
         <run_address>0xc28</run_address>
         <size>0x10</size>
         <input_file_ref idref="fl-50"/>
      </object_component>
      <object_component id="oc-105">
         <name>.const</name>
         <load_address>0xc38</load_address>
         <run_address>0xc38</run_address>
         <size>0xc</size>
         <input_file_ref idref="fl-4d"/>
      </object_component>
      <object_component id="oc-a6">
         <name>.const</name>
         <load_address>0xc44</load_address>
         <run_address>0xc44</run_address>
         <size>0x8</size>
         <input_file_ref idref="fl-37"/>
      </object_component>
      <object_component id="oc-de">
         <name>.const:.string</name>
         <load_address>0xc4c</load_address>
         <run_address>0xc4c</run_address>
         <size>0x4</size>
         <input_file_ref idref="fl-44"/>
      </object_component>
      <object_component id="oc-81">
         <name>.const</name>
         <load_address>0xc50</load_address>
         <run_address>0xc50</run_address>
         <size>0x4</size>
         <input_file_ref idref="fl-2f"/>
      </object_component>
      <object_component id="oc-86">
         <name>.const</name>
         <load_address>0xc54</load_address>
         <run_address>0xc54</run_address>
         <size>0x4</size>
         <input_file_ref idref="fl-30"/>
      </object_component>
      <object_component id="oc-f">
         <name>.debug_info</name>
         <load_address>0x0</load_address>
         <run_address>0x0</run_address>
         <size>0x11e5</size>
         <input_file_ref idref="fl-2"/>
      </object_component>
      <object_component id="oc-17">
         <name>.debug_info</name>
         <load_address>0x11e5</load_address>
         <run_address>0x11e5</run_address>
         <size>0xcbf</size>
         <input_file_ref idref="fl-3"/>
      </object_component>
      <object_component id="oc-1c">
         <name>.debug_info</name>
         <load_address>0x1ea4</load_address>
         <run_address>0x1ea4</run_address>
         <size>0xe7a</size>
         <input_file_ref idref="fl-4"/>
      </object_component>
      <object_component id="oc-23">
         <name>.debug_info</name>
         <load_address>0x2d1e</load_address>
         <run_address>0x2d1e</run_address>
         <size>0x196f</size>
         <input_file_ref idref="fl-5"/>
      </object_component>
      <object_component id="oc-2c">
         <name>.debug_info</name>
         <load_address>0x468d</load_address>
         <run_address>0x468d</run_address>
         <size>0x199a</size>
         <input_file_ref idref="fl-6"/>
      </object_component>
      <object_component id="oc-33">
         <name>.debug_info</name>
         <load_address>0x6027</load_address>
         <run_address>0x6027</run_address>
         <size>0x727</size>
         <input_file_ref idref="fl-7"/>
      </object_component>
      <object_component id="oc-39">
         <name>.debug_info</name>
         <load_address>0x674e</load_address>
         <run_address>0x674e</run_address>
         <size>0x57f</size>
         <input_file_ref idref="fl-8"/>
      </object_component>
      <object_component id="oc-3e">
         <name>.debug_info</name>
         <load_address>0x6ccd</load_address>
         <run_address>0x6ccd</run_address>
         <size>0x693</size>
         <input_file_ref idref="fl-9"/>
      </object_component>
      <object_component id="oc-43">
         <name>.debug_info</name>
         <load_address>0x7360</load_address>
         <run_address>0x7360</run_address>
         <size>0x827</size>
         <input_file_ref idref="fl-a"/>
      </object_component>
      <object_component id="oc-49">
         <name>.debug_info</name>
         <load_address>0x7b87</load_address>
         <run_address>0x7b87</run_address>
         <size>0xbc5</size>
         <input_file_ref idref="fl-b"/>
      </object_component>
      <object_component id="oc-4f">
         <name>.debug_info</name>
         <load_address>0x874c</load_address>
         <run_address>0x874c</run_address>
         <size>0xecc</size>
         <input_file_ref idref="fl-c"/>
      </object_component>
      <object_component id="oc-54">
         <name>.debug_info</name>
         <load_address>0x9618</load_address>
         <run_address>0x9618</run_address>
         <size>0x5ff3</size>
         <input_file_ref idref="fl-12"/>
      </object_component>
      <object_component id="oc-59">
         <name>.debug_info</name>
         <load_address>0xf60b</load_address>
         <run_address>0xf60b</run_address>
         <size>0x5ab</size>
         <input_file_ref idref="fl-26"/>
      </object_component>
      <object_component id="oc-5d">
         <name>.debug_info</name>
         <load_address>0xfbb6</load_address>
         <run_address>0xfbb6</run_address>
         <size>0xe8</size>
         <input_file_ref idref="fl-27"/>
      </object_component>
      <object_component id="oc-61">
         <name>.debug_info</name>
         <load_address>0xfc9e</load_address>
         <run_address>0xfc9e</run_address>
         <size>0x4f2</size>
         <input_file_ref idref="fl-28"/>
      </object_component>
      <object_component id="oc-65">
         <name>.debug_info</name>
         <load_address>0x10190</load_address>
         <run_address>0x10190</run_address>
         <size>0x534</size>
         <input_file_ref idref="fl-29"/>
      </object_component>
      <object_component id="oc-6a">
         <name>.debug_info</name>
         <load_address>0x106c4</load_address>
         <run_address>0x106c4</run_address>
         <size>0x5fb</size>
         <input_file_ref idref="fl-2a"/>
      </object_component>
      <object_component id="oc-70">
         <name>.debug_info</name>
         <load_address>0x10cbf</load_address>
         <run_address>0x10cbf</run_address>
         <size>0x4cf</size>
         <input_file_ref idref="fl-2b"/>
      </object_component>
      <object_component id="oc-74">
         <name>.debug_info</name>
         <load_address>0x1118e</load_address>
         <run_address>0x1118e</run_address>
         <size>0x534</size>
         <input_file_ref idref="fl-2c"/>
      </object_component>
      <object_component id="oc-78">
         <name>.debug_info</name>
         <load_address>0x116c2</load_address>
         <run_address>0x116c2</run_address>
         <size>0x4cf</size>
         <input_file_ref idref="fl-2d"/>
      </object_component>
      <object_component id="oc-7c">
         <name>.debug_info</name>
         <load_address>0x11b91</load_address>
         <run_address>0x11b91</run_address>
         <size>0x534</size>
         <input_file_ref idref="fl-2e"/>
      </object_component>
      <object_component id="oc-80">
         <name>.debug_info</name>
         <load_address>0x120c5</load_address>
         <run_address>0x120c5</run_address>
         <size>0x549</size>
         <input_file_ref idref="fl-2f"/>
      </object_component>
      <object_component id="oc-85">
         <name>.debug_info</name>
         <load_address>0x1260e</load_address>
         <run_address>0x1260e</run_address>
         <size>0x549</size>
         <input_file_ref idref="fl-30"/>
      </object_component>
      <object_component id="oc-8a">
         <name>.debug_info</name>
         <load_address>0x12b57</load_address>
         <run_address>0x12b57</run_address>
         <size>0xbd</size>
         <input_file_ref idref="fl-31"/>
      </object_component>
      <object_component id="oc-8e">
         <name>.debug_info</name>
         <load_address>0x12c14</load_address>
         <run_address>0x12c14</run_address>
         <size>0x55b</size>
         <input_file_ref idref="fl-32"/>
      </object_component>
      <object_component id="oc-92">
         <name>.debug_info</name>
         <load_address>0x1316f</load_address>
         <run_address>0x1316f</run_address>
         <size>0x4b7</size>
         <input_file_ref idref="fl-33"/>
      </object_component>
      <object_component id="oc-96">
         <name>.debug_info</name>
         <load_address>0x13626</load_address>
         <run_address>0x13626</run_address>
         <size>0x76c</size>
         <input_file_ref idref="fl-34"/>
      </object_component>
      <object_component id="oc-9b">
         <name>.debug_info</name>
         <load_address>0x13d92</load_address>
         <run_address>0x13d92</run_address>
         <size>0x6ef</size>
         <input_file_ref idref="fl-35"/>
      </object_component>
      <object_component id="oc-a1">
         <name>.debug_info</name>
         <load_address>0x14481</load_address>
         <run_address>0x14481</run_address>
         <size>0x4de</size>
         <input_file_ref idref="fl-36"/>
      </object_component>
      <object_component id="oc-a5">
         <name>.debug_info</name>
         <load_address>0x1495f</load_address>
         <run_address>0x1495f</run_address>
         <size>0x521</size>
         <input_file_ref idref="fl-37"/>
      </object_component>
      <object_component id="oc-ab">
         <name>.debug_info</name>
         <load_address>0x14e80</load_address>
         <run_address>0x14e80</run_address>
         <size>0xbc</size>
         <input_file_ref idref="fl-38"/>
      </object_component>
      <object_component id="oc-b0">
         <name>.debug_info</name>
         <load_address>0x14f3c</load_address>
         <run_address>0x14f3c</run_address>
         <size>0x5bc</size>
         <input_file_ref idref="fl-39"/>
      </object_component>
      <object_component id="oc-b5">
         <name>.debug_info</name>
         <load_address>0x154f8</load_address>
         <run_address>0x154f8</run_address>
         <size>0x27bd</size>
         <input_file_ref idref="fl-3a"/>
      </object_component>
      <object_component id="oc-bb">
         <name>.debug_info</name>
         <load_address>0x17cb5</load_address>
         <run_address>0x17cb5</run_address>
         <size>0x586</size>
         <input_file_ref idref="fl-3b"/>
      </object_component>
      <object_component id="oc-bf">
         <name>.debug_info</name>
         <load_address>0x1823b</load_address>
         <run_address>0x1823b</run_address>
         <size>0x5a4</size>
         <input_file_ref idref="fl-3c"/>
      </object_component>
      <object_component id="oc-c3">
         <name>.debug_info</name>
         <load_address>0x187df</load_address>
         <run_address>0x187df</run_address>
         <size>0xcd</size>
         <input_file_ref idref="fl-3d"/>
      </object_component>
      <object_component id="oc-c7">
         <name>.debug_info</name>
         <load_address>0x188ac</load_address>
         <run_address>0x188ac</run_address>
         <size>0x81f</size>
         <input_file_ref idref="fl-3e"/>
      </object_component>
      <object_component id="oc-ca">
         <name>.debug_info</name>
         <load_address>0x190cb</load_address>
         <run_address>0x190cb</run_address>
         <size>0x498</size>
         <input_file_ref idref="fl-3f"/>
      </object_component>
      <object_component id="oc-cd">
         <name>.debug_info</name>
         <load_address>0x19563</load_address>
         <run_address>0x19563</run_address>
         <size>0x57e</size>
         <input_file_ref idref="fl-40"/>
      </object_component>
      <object_component id="oc-d1">
         <name>.debug_info</name>
         <load_address>0x19ae1</load_address>
         <run_address>0x19ae1</run_address>
         <size>0x7e8</size>
         <input_file_ref idref="fl-41"/>
      </object_component>
      <object_component id="oc-d5">
         <name>.debug_info</name>
         <load_address>0x1a2c9</load_address>
         <run_address>0x1a2c9</run_address>
         <size>0x4cf</size>
         <input_file_ref idref="fl-42"/>
      </object_component>
      <object_component id="oc-d9">
         <name>.debug_info</name>
         <load_address>0x1a798</load_address>
         <run_address>0x1a798</run_address>
         <size>0x6aa</size>
         <input_file_ref idref="fl-43"/>
      </object_component>
      <object_component id="oc-dd">
         <name>.debug_info</name>
         <load_address>0x1ae42</load_address>
         <run_address>0x1ae42</run_address>
         <size>0x942</size>
         <input_file_ref idref="fl-44"/>
      </object_component>
      <object_component id="oc-e2">
         <name>.debug_info</name>
         <load_address>0x1b784</load_address>
         <run_address>0x1b784</run_address>
         <size>0x4d2</size>
         <input_file_ref idref="fl-45"/>
      </object_component>
      <object_component id="oc-e6">
         <name>.debug_info</name>
         <load_address>0x1bc56</load_address>
         <run_address>0x1bc56</run_address>
         <size>0x53e</size>
         <input_file_ref idref="fl-46"/>
      </object_component>
      <object_component id="oc-ea">
         <name>.debug_info</name>
         <load_address>0x1c194</load_address>
         <run_address>0x1c194</run_address>
         <size>0x680</size>
         <input_file_ref idref="fl-47"/>
      </object_component>
      <object_component id="oc-ee">
         <name>.debug_info</name>
         <load_address>0x1c814</load_address>
         <run_address>0x1c814</run_address>
         <size>0x7d4</size>
         <input_file_ref idref="fl-48"/>
      </object_component>
      <object_component id="oc-f3">
         <name>.debug_info</name>
         <load_address>0x1cfe8</load_address>
         <run_address>0x1cfe8</run_address>
         <size>0x144b</size>
         <input_file_ref idref="fl-49"/>
      </object_component>
      <object_component id="oc-f8">
         <name>.debug_info</name>
         <load_address>0x1e433</load_address>
         <run_address>0x1e433</run_address>
         <size>0x5ad</size>
         <input_file_ref idref="fl-4a"/>
      </object_component>
      <object_component id="oc-fc">
         <name>.debug_info</name>
         <load_address>0x1e9e0</load_address>
         <run_address>0x1e9e0</run_address>
         <size>0x574</size>
         <input_file_ref idref="fl-4b"/>
      </object_component>
      <object_component id="oc-100">
         <name>.debug_info</name>
         <load_address>0x1ef54</load_address>
         <run_address>0x1ef54</run_address>
         <size>0xd1</size>
         <input_file_ref idref="fl-4c"/>
      </object_component>
      <object_component id="oc-104">
         <name>.debug_info</name>
         <load_address>0x1f025</load_address>
         <run_address>0x1f025</run_address>
         <size>0x50c</size>
         <input_file_ref idref="fl-4d"/>
      </object_component>
      <object_component id="oc-109">
         <name>.debug_info</name>
         <load_address>0x1f531</load_address>
         <run_address>0x1f531</run_address>
         <size>0x4f2</size>
         <input_file_ref idref="fl-4e"/>
      </object_component>
      <object_component id="oc-10d">
         <name>.debug_info</name>
         <load_address>0x1fa23</load_address>
         <run_address>0x1fa23</run_address>
         <size>0x534</size>
         <input_file_ref idref="fl-4f"/>
      </object_component>
      <object_component id="oc-111">
         <name>.debug_info</name>
         <load_address>0x1ff57</load_address>
         <run_address>0x1ff57</run_address>
         <size>0x52e</size>
         <input_file_ref idref="fl-50"/>
      </object_component>
      <object_component id="oc-117">
         <name>.debug_info</name>
         <load_address>0x20485</load_address>
         <run_address>0x20485</run_address>
         <size>0xed4</size>
         <input_file_ref idref="fl-51"/>
      </object_component>
      <object_component id="oc-11b">
         <name>.debug_info</name>
         <load_address>0x21359</load_address>
         <run_address>0x21359</run_address>
         <size>0x744</size>
         <input_file_ref idref="fl-52"/>
      </object_component>
      <object_component id="oc-121">
         <name>.debug_info</name>
         <load_address>0x21a9d</load_address>
         <run_address>0x21a9d</run_address>
         <size>0xef</size>
         <input_file_ref idref="fl-53"/>
      </object_component>
      <object_component id="oc-125">
         <name>.debug_info</name>
         <load_address>0x21b8c</load_address>
         <run_address>0x21b8c</run_address>
         <size>0x662</size>
         <input_file_ref idref="fl-54"/>
      </object_component>
      <object_component id="oc-129">
         <name>.debug_info</name>
         <load_address>0x221ee</load_address>
         <run_address>0x221ee</run_address>
         <size>0x706</size>
         <input_file_ref idref="fl-55"/>
      </object_component>
      <object_component id="oc-12d">
         <name>.debug_info</name>
         <load_address>0x228f4</load_address>
         <run_address>0x228f4</run_address>
         <size>0x5f7</size>
         <input_file_ref idref="fl-56"/>
      </object_component>
      <object_component id="oc-131">
         <name>.debug_info</name>
         <load_address>0x22eeb</load_address>
         <run_address>0x22eeb</run_address>
         <size>0x64a</size>
         <input_file_ref idref="fl-57"/>
      </object_component>
      <object_component id="oc-136">
         <name>.debug_info</name>
         <load_address>0x23535</load_address>
         <run_address>0x23535</run_address>
         <size>0xa1c</size>
         <input_file_ref idref="fl-58"/>
      </object_component>
      <object_component id="oc-13c">
         <name>.debug_info</name>
         <load_address>0x23f51</load_address>
         <run_address>0x23f51</run_address>
         <size>0xba5</size>
         <input_file_ref idref="fl-59"/>
      </object_component>
      <object_component id="oc-142">
         <name>.debug_info</name>
         <load_address>0x24af6</load_address>
         <run_address>0x24af6</run_address>
         <size>0x64f</size>
         <input_file_ref idref="fl-5a"/>
      </object_component>
      <object_component id="oc-146">
         <name>.debug_info</name>
         <load_address>0x25145</load_address>
         <run_address>0x25145</run_address>
         <size>0x510</size>
         <input_file_ref idref="fl-5b"/>
      </object_component>
      <object_component id="oc-164">
         <name>.debug_info</name>
         <load_address>0x25655</load_address>
         <run_address>0x25655</run_address>
         <size>0x6e</size>
      </object_component>
      <object_component id="oc-12">
         <name>.debug_frame</name>
         <load_address>0x0</load_address>
         <run_address>0x0</run_address>
         <size>0x103</size>
         <input_file_ref idref="fl-2"/>
      </object_component>
      <object_component id="oc-18">
         <name>.debug_frame</name>
         <load_address>0x103</load_address>
         <run_address>0x103</run_address>
         <size>0x172</size>
         <input_file_ref idref="fl-3"/>
      </object_component>
      <object_component id="oc-1e">
         <name>.debug_frame</name>
         <load_address>0x275</load_address>
         <run_address>0x275</run_address>
         <size>0x103</size>
         <input_file_ref idref="fl-4"/>
      </object_component>
      <object_component id="oc-27">
         <name>.debug_frame</name>
         <load_address>0x378</load_address>
         <run_address>0x378</run_address>
         <size>0x21f</size>
         <input_file_ref idref="fl-5"/>
      </object_component>
      <object_component id="oc-2e">
         <name>.debug_frame</name>
         <load_address>0x597</load_address>
         <run_address>0x597</run_address>
         <size>0x208</size>
         <input_file_ref idref="fl-6"/>
      </object_component>
      <object_component id="oc-35">
         <name>.debug_frame</name>
         <load_address>0x79f</load_address>
         <run_address>0x79f</run_address>
         <size>0x118</size>
         <input_file_ref idref="fl-7"/>
      </object_component>
      <object_component id="oc-3a">
         <name>.debug_frame</name>
         <load_address>0x8b7</load_address>
         <run_address>0x8b7</run_address>
         <size>0xe4</size>
         <input_file_ref idref="fl-8"/>
      </object_component>
      <object_component id="oc-3f">
         <name>.debug_frame</name>
         <load_address>0x99b</load_address>
         <run_address>0x99b</run_address>
         <size>0x116</size>
         <input_file_ref idref="fl-9"/>
      </object_component>
      <object_component id="oc-44">
         <name>.debug_frame</name>
         <load_address>0xab1</load_address>
         <run_address>0xab1</run_address>
         <size>0x135</size>
         <input_file_ref idref="fl-a"/>
      </object_component>
      <object_component id="oc-4b">
         <name>.debug_frame</name>
         <load_address>0xbe6</load_address>
         <run_address>0xbe6</run_address>
         <size>0x14a</size>
         <input_file_ref idref="fl-b"/>
      </object_component>
      <object_component id="oc-50">
         <name>.debug_frame</name>
         <load_address>0xd30</load_address>
         <run_address>0xd30</run_address>
         <size>0x1d9</size>
         <input_file_ref idref="fl-c"/>
      </object_component>
      <object_component id="oc-55">
         <name>.debug_frame</name>
         <load_address>0xf09</load_address>
         <run_address>0xf09</run_address>
         <size>0x175</size>
         <input_file_ref idref="fl-12"/>
      </object_component>
      <object_component id="oc-13">
         <name>.debug_line</name>
         <load_address>0x0</load_address>
         <run_address>0x0</run_address>
         <size>0x13e</size>
         <input_file_ref idref="fl-2"/>
      </object_component>
      <object_component id="oc-19">
         <name>.debug_line</name>
         <load_address>0x13e</load_address>
         <run_address>0x13e</run_address>
         <size>0x102</size>
         <input_file_ref idref="fl-3"/>
      </object_component>
      <object_component id="oc-1f">
         <name>.debug_line</name>
         <load_address>0x240</load_address>
         <run_address>0x240</run_address>
         <size>0x212</size>
         <input_file_ref idref="fl-4"/>
      </object_component>
      <object_component id="oc-28">
         <name>.debug_line</name>
         <load_address>0x452</load_address>
         <run_address>0x452</run_address>
         <size>0x38a</size>
         <input_file_ref idref="fl-5"/>
      </object_component>
      <object_component id="oc-2f">
         <name>.debug_line</name>
         <load_address>0x7dc</load_address>
         <run_address>0x7dc</run_address>
         <size>0x480</size>
         <input_file_ref idref="fl-6"/>
      </object_component>
      <object_component id="oc-36">
         <name>.debug_line</name>
         <load_address>0xc5c</load_address>
         <run_address>0xc5c</run_address>
         <size>0x1d9</size>
         <input_file_ref idref="fl-7"/>
      </object_component>
      <object_component id="oc-3b">
         <name>.debug_line</name>
         <load_address>0xe35</load_address>
         <run_address>0xe35</run_address>
         <size>0x48</size>
         <input_file_ref idref="fl-8"/>
      </object_component>
      <object_component id="oc-40">
         <name>.debug_line</name>
         <load_address>0xe7d</load_address>
         <run_address>0xe7d</run_address>
         <size>0x87</size>
         <input_file_ref idref="fl-9"/>
      </object_component>
      <object_component id="oc-45">
         <name>.debug_line</name>
         <load_address>0xf04</load_address>
         <run_address>0xf04</run_address>
         <size>0xe1</size>
         <input_file_ref idref="fl-a"/>
      </object_component>
      <object_component id="oc-4c">
         <name>.debug_line</name>
         <load_address>0xfe5</load_address>
         <run_address>0xfe5</run_address>
         <size>0x126</size>
         <input_file_ref idref="fl-b"/>
      </object_component>
      <object_component id="oc-51">
         <name>.debug_line</name>
         <load_address>0x110b</load_address>
         <run_address>0x110b</run_address>
         <size>0x17d</size>
         <input_file_ref idref="fl-c"/>
      </object_component>
      <object_component id="oc-56">
         <name>.debug_line</name>
         <load_address>0x1288</load_address>
         <run_address>0x1288</run_address>
         <size>0x2dd</size>
         <input_file_ref idref="fl-12"/>
      </object_component>
      <object_component id="oc-5a">
         <name>.debug_line</name>
         <load_address>0x1565</load_address>
         <run_address>0x1565</run_address>
         <size>0x5c</size>
         <input_file_ref idref="fl-26"/>
      </object_component>
      <object_component id="oc-5e">
         <name>.debug_line</name>
         <load_address>0x15c1</load_address>
         <run_address>0x15c1</run_address>
         <size>0x54</size>
         <input_file_ref idref="fl-27"/>
      </object_component>
      <object_component id="oc-62">
         <name>.debug_line</name>
         <load_address>0x1615</load_address>
         <run_address>0x1615</run_address>
         <size>0x3c</size>
         <input_file_ref idref="fl-28"/>
      </object_component>
      <object_component id="oc-66">
         <name>.debug_line</name>
         <load_address>0x1651</load_address>
         <run_address>0x1651</run_address>
         <size>0x44</size>
         <input_file_ref idref="fl-29"/>
      </object_component>
      <object_component id="oc-6d">
         <name>.debug_line</name>
         <load_address>0x1695</load_address>
         <run_address>0x1695</run_address>
         <size>0x51</size>
         <input_file_ref idref="fl-2a"/>
      </object_component>
      <object_component id="oc-71">
         <name>.debug_line</name>
         <load_address>0x16e6</load_address>
         <run_address>0x16e6</run_address>
         <size>0x3d</size>
         <input_file_ref idref="fl-2b"/>
      </object_component>
      <object_component id="oc-75">
         <name>.debug_line</name>
         <load_address>0x1723</load_address>
         <run_address>0x1723</run_address>
         <size>0x3d</size>
         <input_file_ref idref="fl-2c"/>
      </object_component>
      <object_component id="oc-79">
         <name>.debug_line</name>
         <load_address>0x1760</load_address>
         <run_address>0x1760</run_address>
         <size>0x3d</size>
         <input_file_ref idref="fl-2d"/>
      </object_component>
      <object_component id="oc-7d">
         <name>.debug_line</name>
         <load_address>0x179d</load_address>
         <run_address>0x179d</run_address>
         <size>0x3d</size>
         <input_file_ref idref="fl-2e"/>
      </object_component>
      <object_component id="oc-82">
         <name>.debug_line</name>
         <load_address>0x17da</load_address>
         <run_address>0x17da</run_address>
         <size>0x44</size>
         <input_file_ref idref="fl-2f"/>
      </object_component>
      <object_component id="oc-87">
         <name>.debug_line</name>
         <load_address>0x181e</load_address>
         <run_address>0x181e</run_address>
         <size>0x44</size>
         <input_file_ref idref="fl-30"/>
      </object_component>
      <object_component id="oc-8b">
         <name>.debug_line</name>
         <load_address>0x1862</load_address>
         <run_address>0x1862</run_address>
         <size>0x3c</size>
         <input_file_ref idref="fl-31"/>
      </object_component>
      <object_component id="oc-8f">
         <name>.debug_line</name>
         <load_address>0x189e</load_address>
         <run_address>0x189e</run_address>
         <size>0x3c</size>
         <input_file_ref idref="fl-32"/>
      </object_component>
      <object_component id="oc-93">
         <name>.debug_line</name>
         <load_address>0x18da</load_address>
         <run_address>0x18da</run_address>
         <size>0x37</size>
         <input_file_ref idref="fl-33"/>
      </object_component>
      <object_component id="oc-97">
         <name>.debug_line</name>
         <load_address>0x1911</load_address>
         <run_address>0x1911</run_address>
         <size>0x69</size>
         <input_file_ref idref="fl-34"/>
      </object_component>
      <object_component id="oc-9e">
         <name>.debug_line</name>
         <load_address>0x197a</load_address>
         <run_address>0x197a</run_address>
         <size>0x54</size>
         <input_file_ref idref="fl-35"/>
      </object_component>
      <object_component id="oc-a2">
         <name>.debug_line</name>
         <load_address>0x19ce</load_address>
         <run_address>0x19ce</run_address>
         <size>0x37</size>
         <input_file_ref idref="fl-36"/>
      </object_component>
      <object_component id="oc-a7">
         <name>.debug_line</name>
         <load_address>0x1a05</load_address>
         <run_address>0x1a05</run_address>
         <size>0x38</size>
         <input_file_ref idref="fl-37"/>
      </object_component>
      <object_component id="oc-ac">
         <name>.debug_line</name>
         <load_address>0x1a3d</load_address>
         <run_address>0x1a3d</run_address>
         <size>0x37</size>
         <input_file_ref idref="fl-38"/>
      </object_component>
      <object_component id="oc-b2">
         <name>.debug_line</name>
         <load_address>0x1a74</load_address>
         <run_address>0x1a74</run_address>
         <size>0x57</size>
         <input_file_ref idref="fl-39"/>
      </object_component>
      <object_component id="oc-b8">
         <name>.debug_line</name>
         <load_address>0x1acb</load_address>
         <run_address>0x1acb</run_address>
         <size>0x328</size>
         <input_file_ref idref="fl-3a"/>
      </object_component>
      <object_component id="oc-bc">
         <name>.debug_line</name>
         <load_address>0x1df3</load_address>
         <run_address>0x1df3</run_address>
         <size>0x41</size>
         <input_file_ref idref="fl-3b"/>
      </object_component>
      <object_component id="oc-c0">
         <name>.debug_line</name>
         <load_address>0x1e34</load_address>
         <run_address>0x1e34</run_address>
         <size>0x46</size>
         <input_file_ref idref="fl-3c"/>
      </object_component>
      <object_component id="oc-c4">
         <name>.debug_line</name>
         <load_address>0x1e7a</load_address>
         <run_address>0x1e7a</run_address>
         <size>0x55</size>
         <input_file_ref idref="fl-3d"/>
      </object_component>
      <object_component id="oc-c8">
         <name>.debug_line</name>
         <load_address>0x1ecf</load_address>
         <run_address>0x1ecf</run_address>
         <size>0xad</size>
         <input_file_ref idref="fl-3e"/>
      </object_component>
      <object_component id="oc-d2">
         <name>.debug_line</name>
         <load_address>0x1f7c</load_address>
         <run_address>0x1f7c</run_address>
         <size>0x5b</size>
         <input_file_ref idref="fl-41"/>
      </object_component>
      <object_component id="oc-d6">
         <name>.debug_line</name>
         <load_address>0x1fd7</load_address>
         <run_address>0x1fd7</run_address>
         <size>0x3d</size>
         <input_file_ref idref="fl-42"/>
      </object_component>
      <object_component id="oc-da">
         <name>.debug_line</name>
         <load_address>0x2014</load_address>
         <run_address>0x2014</run_address>
         <size>0x56</size>
         <input_file_ref idref="fl-43"/>
      </object_component>
      <object_component id="oc-df">
         <name>.debug_line</name>
         <load_address>0x206a</load_address>
         <run_address>0x206a</run_address>
         <size>0xa6</size>
         <input_file_ref idref="fl-44"/>
      </object_component>
      <object_component id="oc-e3">
         <name>.debug_line</name>
         <load_address>0x2110</load_address>
         <run_address>0x2110</run_address>
         <size>0x3a</size>
         <input_file_ref idref="fl-45"/>
      </object_component>
      <object_component id="oc-e7">
         <name>.debug_line</name>
         <load_address>0x214a</load_address>
         <run_address>0x214a</run_address>
         <size>0x40</size>
         <input_file_ref idref="fl-46"/>
      </object_component>
      <object_component id="oc-eb">
         <name>.debug_line</name>
         <load_address>0x218a</load_address>
         <run_address>0x218a</run_address>
         <size>0x38</size>
         <input_file_ref idref="fl-47"/>
      </object_component>
      <object_component id="oc-ef">
         <name>.debug_line</name>
         <load_address>0x21c2</load_address>
         <run_address>0x21c2</run_address>
         <size>0xa8</size>
         <input_file_ref idref="fl-48"/>
      </object_component>
      <object_component id="oc-f5">
         <name>.debug_line</name>
         <load_address>0x226a</load_address>
         <run_address>0x226a</run_address>
         <size>0x1b0</size>
         <input_file_ref idref="fl-49"/>
      </object_component>
      <object_component id="oc-f9">
         <name>.debug_line</name>
         <load_address>0x241a</load_address>
         <run_address>0x241a</run_address>
         <size>0x40</size>
         <input_file_ref idref="fl-4a"/>
      </object_component>
      <object_component id="oc-fd">
         <name>.debug_line</name>
         <load_address>0x245a</load_address>
         <run_address>0x245a</run_address>
         <size>0x3a</size>
         <input_file_ref idref="fl-4b"/>
      </object_component>
      <object_component id="oc-101">
         <name>.debug_line</name>
         <load_address>0x2494</load_address>
         <run_address>0x2494</run_address>
         <size>0x54</size>
         <input_file_ref idref="fl-4c"/>
      </object_component>
      <object_component id="oc-106">
         <name>.debug_line</name>
         <load_address>0x24e8</load_address>
         <run_address>0x24e8</run_address>
         <size>0x3c</size>
         <input_file_ref idref="fl-4d"/>
      </object_component>
      <object_component id="oc-10a">
         <name>.debug_line</name>
         <load_address>0x2524</load_address>
         <run_address>0x2524</run_address>
         <size>0x3c</size>
         <input_file_ref idref="fl-4e"/>
      </object_component>
      <object_component id="oc-10e">
         <name>.debug_line</name>
         <load_address>0x2560</load_address>
         <run_address>0x2560</run_address>
         <size>0x44</size>
         <input_file_ref idref="fl-4f"/>
      </object_component>
      <object_component id="oc-113">
         <name>.debug_line</name>
         <load_address>0x25a4</load_address>
         <run_address>0x25a4</run_address>
         <size>0x38</size>
         <input_file_ref idref="fl-50"/>
      </object_component>
      <object_component id="oc-118">
         <name>.debug_line</name>
         <load_address>0x25dc</load_address>
         <run_address>0x25dc</run_address>
         <size>0x15e</size>
         <input_file_ref idref="fl-51"/>
      </object_component>
      <object_component id="oc-11e">
         <name>.debug_line</name>
         <load_address>0x273a</load_address>
         <run_address>0x273a</run_address>
         <size>0x6a</size>
         <input_file_ref idref="fl-52"/>
      </object_component>
      <object_component id="oc-122">
         <name>.debug_line</name>
         <load_address>0x27a4</load_address>
         <run_address>0x27a4</run_address>
         <size>0x58</size>
         <input_file_ref idref="fl-53"/>
      </object_component>
      <object_component id="oc-126">
         <name>.debug_line</name>
         <load_address>0x27fc</load_address>
         <run_address>0x27fc</run_address>
         <size>0x57</size>
         <input_file_ref idref="fl-54"/>
      </object_component>
      <object_component id="oc-12a">
         <name>.debug_line</name>
         <load_address>0x2853</load_address>
         <run_address>0x2853</run_address>
         <size>0x5b</size>
         <input_file_ref idref="fl-55"/>
      </object_component>
      <object_component id="oc-12e">
         <name>.debug_line</name>
         <load_address>0x28ae</load_address>
         <run_address>0x28ae</run_address>
         <size>0x3c</size>
         <input_file_ref idref="fl-56"/>
      </object_component>
      <object_component id="oc-132">
         <name>.debug_line</name>
         <load_address>0x28ea</load_address>
         <run_address>0x28ea</run_address>
         <size>0x40</size>
         <input_file_ref idref="fl-57"/>
      </object_component>
      <object_component id="oc-138">
         <name>.debug_line</name>
         <load_address>0x292a</load_address>
         <run_address>0x292a</run_address>
         <size>0xd7</size>
         <input_file_ref idref="fl-58"/>
      </object_component>
      <object_component id="oc-13f">
         <name>.debug_line</name>
         <load_address>0x2a01</load_address>
         <run_address>0x2a01</run_address>
         <size>0x112</size>
         <input_file_ref idref="fl-59"/>
      </object_component>
      <object_component id="oc-143">
         <name>.debug_line</name>
         <load_address>0x2b13</load_address>
         <run_address>0x2b13</run_address>
         <size>0x3d</size>
         <input_file_ref idref="fl-5a"/>
      </object_component>
      <object_component id="oc-147">
         <name>.debug_line</name>
         <load_address>0x2b50</load_address>
         <run_address>0x2b50</run_address>
         <size>0x39</size>
         <input_file_ref idref="fl-5b"/>
      </object_component>
      <object_component id="oc-14">
         <name>.debug_abbrev</name>
         <load_address>0x0</load_address>
         <run_address>0x0</run_address>
         <size>0x14c</size>
         <input_file_ref idref="fl-2"/>
      </object_component>
      <object_component id="oc-1a">
         <name>.debug_abbrev</name>
         <load_address>0x14c</load_address>
         <run_address>0x14c</run_address>
         <size>0x147</size>
         <input_file_ref idref="fl-3"/>
      </object_component>
      <object_component id="oc-20">
         <name>.debug_abbrev</name>
         <load_address>0x293</load_address>
         <run_address>0x293</run_address>
         <size>0xfd</size>
         <input_file_ref idref="fl-4"/>
      </object_component>
      <object_component id="oc-29">
         <name>.debug_abbrev</name>
         <load_address>0x390</load_address>
         <run_address>0x390</run_address>
         <size>0x1a8</size>
         <input_file_ref idref="fl-5"/>
      </object_component>
      <object_component id="oc-30">
         <name>.debug_abbrev</name>
         <load_address>0x538</load_address>
[...]
         <name>_USBSTK5515_LED_on</name>
         <value>0x150aa</value>
         <object_component_ref idref="oc-4e"/>
      </symbol>
      <symbol id="sm-27f">
         <name>_USBSTK5515_LED_off</name>
         <value>0x150bb</value>
         <object_component_ref idref="oc-4e"/>
      </symbol>
      <symbol id="sm-280">
         <name>_USBSTK5515_ULED_on</name>
         <value>0x151bb</value>
         <object_component_ref idref="oc-4e"/>
      </symbol>
      <symbol id="sm-281">
         <name>_USBSTK5515_ULED_off</name>
         <value>0x151f0</value>
         <object_component_ref idref="oc-4e"/>
      </symbol>
      <symbol id="sm-282">
         <name>_USBSTK5515_ULED_getall</name>
         <value>0x150fb</value>
         <object_component_ref idref="oc-4e"/>
      </symbol>
      <symbol id="sm-283">
         <name>_USBSTK5515_ULED_setall</name>
         <value>0x1514d</value>
         <object_component_ref idref="oc-4e"/>
      </symbol>
      <symbol id="sm-284">
         <name>_USBSTK5515_ULED_init</name>
         <value>0x150cc</value>
         <object_component_ref idref="oc-4e"/>
      </symbol>
      <symbol id="sm-285">
         <name>_USBSTK5515_LED_init</name>
         <value>0x1509f</value>
         <object_component_ref idref="oc-4e"/>
      </symbol>
      <symbol id="sm-2aa">
         <name>_PLL_reset</name>
         <value>0x14538</value>
         <object_component_ref idref="oc-53"/>
      </symbol>
      <symbol id="sm-2ab">
         <name>_PLL_bypass</name>
         <value>0x144e9</value>
         <object_component_ref idref="oc-53"/>
      </symbol>
      <symbol id="sm-2ac">
         <name>_PLL_enable</name>
         <value>0x14482</value>
         <object_component_ref idref="oc-53"/>
      </symbol>
      <symbol id="sm-2ad">
         <name>_PLL_config</name>
         <value>0x14359</value>
         <object_component_ref idref="oc-53"/>
      </symbol>
      <symbol id="sm-2ae">
         <name>_PLL_init</name>
         <value>0x14321</value>
         <object_component_ref idref="oc-53"/>
      </symbol>
      <symbol id="sm-2b8">
         <name>__addd</name>
         <value>0x14a6c</value>
         <object_component_ref idref="oc-58"/>
      </symbol>
      <symbol id="sm-2c4">
         <name>__sysstack</name>
         <value>0x1410</value>
         <object_component_ref idref="oc-149"/>
      </symbol>
      <symbol id="sm-2c5">
         <name>_c_int00</name>
         <value>0x1665c</value>
         <object_component_ref idref="oc-c"/>
      </symbol>
      <symbol id="sm-2c6">
         <name>__stack</name>
         <value>0x1210</value>
         <object_component_ref idref="oc-5c"/>
      </symbol>
      <symbol id="sm-2d0">
         <name>__divli</name>
         <value>0x16594</value>
         <object_component_ref idref="oc-60"/>
      </symbol>
      <symbol id="sm-2db">
         <name>__divul</name>
         <value>0x15da1</value>
         <object_component_ref idref="oc-64"/>
      </symbol>
      <symbol id="sm-2eb">
         <name>C$$EXIT</name>
         <value>0x167b7</value>
         <object_component_ref idref="oc-6c"/>
      </symbol>
      <symbol id="sm-2ec">
         <name>_exit</name>
         <value>0x1661e</value>
         <object_component_ref idref="oc-68"/>
      </symbol>
      <symbol id="sm-2ed">
         <name>_abort</name>
         <value>0x167b6</value>
         <object_component_ref idref="oc-6c"/>
      </symbol>
      <symbol id="sm-2ee">
         <name>__cleanup_ptr</name>
         <value>0x3dbb0</value>
         <object_component_ref idref="oc-69"/>
      </symbol>
      <symbol id="sm-2ef">
         <name>__dtors_ptr</name>
         <value>0x3dbb4</value>
         <object_component_ref idref="oc-69"/>
      </symbol>
      <symbol id="sm-2f9">
         <name>__fixdi</name>
         <value>0x16690</value>
         <object_component_ref idref="oc-6f"/>
      </symbol>
      <symbol id="sm-303">
         <name>__fixdli</name>
         <value>0x160ff</value>
         <object_component_ref idref="oc-73"/>
      </symbol>
      <symbol id="sm-30d">
         <name>__fixdu</name>
         <value>0x16722</value>
         <object_component_ref idref="oc-77"/>
      </symbol>
      <symbol id="sm-317">
         <name>__fixdul</name>
         <value>0x15f30</value>
         <object_component_ref idref="oc-7b"/>
      </symbol>
      <symbol id="sm-323">
         <name>__fltlid</name>
         <value>0x16240</value>
         <object_component_ref idref="oc-7f"/>
      </symbol>
      <symbol id="sm-32f">
         <name>__fltuld</name>
         <value>0x16307</value>
         <object_component_ref idref="oc-84"/>
      </symbol>
      <symbol id="sm-337">
         <name>__mpyli</name>
         <value>0x1676b</value>
         <object_component_ref idref="oc-89"/>
      </symbol>
      <symbol id="sm-338">
         <name>I$$LMPY</name>
         <value>0x1676b</value>
         <object_component_ref idref="oc-89"/>
      </symbol>
      <symbol id="sm-342">
         <name>__mpyd</name>
         <value>0x15539</value>
         <object_component_ref idref="oc-8d"/>
      </symbol>
      <symbol id="sm-34c">
         <name>__negd</name>
         <value>0x16790</value>
         <object_component_ref idref="oc-91"/>
      </symbol>
      <symbol id="sm-356">
         <name>_printf</name>
         <value>0x16465</value>
         <object_component_ref idref="oc-95"/>
      </symbol>
      <symbol id="sm-367">
         <name>_sin</name>
         <value>0x14cc3</value>
         <object_component_ref idref="oc-99"/>
      </symbol>
      <symbol id="sm-371">
         <name>__subd</name>
         <value>0x16757</value>
         <object_component_ref idref="oc-a0"/>
      </symbol>
      <symbol id="sm-37d">
         <name>__trunc</name>
         <value>0x165dc</value>
         <object_component_ref idref="oc-a4"/>
      </symbol>
      <symbol id="sm-387">
         <name>_Reset</name>
         <value>0xffff00</value>
         <object_component_ref idref="oc-aa"/>
      </symbol>
      <symbol id="sm-395">
         <name>__unlock</name>
         <value>0x3dbac</value>
         <object_component_ref idref="oc-af"/>
      </symbol>
      <symbol id="sm-396">
         <name>__lock</name>
         <value>0x3dba8</value>
         <object_component_ref idref="oc-af"/>
      </symbol>
      <symbol id="sm-397">
         <name>__register_lock</name>
         <value>0x16786</value>
         <object_component_ref idref="oc-ae"/>
      </symbol>
      <symbol id="sm-398">
         <name>__nop</name>
         <value>0x1678e</value>
         <object_component_ref idref="oc-ae"/>
      </symbol>
      <symbol id="sm-399">
         <name>__register_unlock</name>
         <value>0x1677e</value>
         <object_component_ref idref="oc-ae"/>
      </symbol>
      <symbol id="sm-3ab">
         <name>__printfi</name>
         <value>0x11315</value>
         <object_component_ref idref="oc-b4"/>
      </symbol>
      <symbol id="sm-3b5">
         <name>__args_main</name>
         <value>0x1654b</value>
         <object_component_ref idref="oc-ba"/>
      </symbol>
      <symbol id="sm-3b6">
         <name>__TI_args_main</name>
         <value>0x1</value>
      </symbol>
      <symbol id="sm-3c0">
         <name>_atoi</name>
         <value>0x16362</value>
         <object_component_ref idref="oc-be"/>
      </symbol>
      <symbol id="sm-3c8">
         <name>_auto_init</name>
         <value>0x164b3</value>
         <object_component_ref idref="oc-c2"/>
      </symbol>
      <symbol id="sm-3d2">
         <name>__eqld</name>
         <value>0x15013</value>
         <object_component_ref idref="oc-c6"/>
      </symbol>
      <symbol id="sm-3d3">
         <name>__cmpd</name>
         <value>0x15047</value>
         <object_component_ref idref="oc-c6"/>
      </symbol>
      <symbol id="sm-3d4">
         <name>__neqd</name>
         <value>0x14eb5</value>
         <object_component_ref idref="oc-c6"/>
      </symbol>
      <symbol id="sm-3d5">
         <name>__gtrd</name>
         <value>0x14f7e</value>
         <object_component_ref idref="oc-c6"/>
      </symbol>
      <symbol id="sm-3d6">
         <name>__geqd</name>
         <value>0x14fc9</value>
         <object_component_ref idref="oc-c6"/>
      </symbol>
      <symbol id="sm-3d7">
         <name>__leqd</name>
         <value>0x14f31</value>
         <object_component_ref idref="oc-c6"/>
      </symbol>
      <symbol id="sm-3d8">
         <name>__lssd</name>
         <value>0x14ee9</value>
         <object_component_ref idref="oc-c6"/>
      </symbol>
      <symbol id="sm-3e0">
         <name>__ctypes_</name>
         <value>0x814</value>
         <object_component_ref idref="oc-14a"/>
      </symbol>
      <symbol id="sm-3ea">
         <name>__tmpnams</name>
         <value>0x3d5c4</value>
         <object_component_ref idref="oc-cc"/>
      </symbol>
      <symbol id="sm-3eb">
         <name>__ft_end</name>
         <value>0x3d704</value>
         <object_component_ref idref="oc-cc"/>
      </symbol>
      <symbol id="sm-3ec">
         <name>__ftable</name>
         <value>0x3d4d4</value>
         <object_component_ref idref="oc-cc"/>
      </symbol>
      <symbol id="sm-3f8">
         <name>__divd</name>
         <value>0x1393a</value>
         <object_component_ref idref="oc-d0"/>
      </symbol>
      <symbol id="sm-402">
         <name>__fltid</name>
         <value>0x167a0</value>
         <object_component_ref idref="oc-d4"/>
      </symbol>
      <symbol id="sm-40c">
         <name>_putchar</name>
         <value>0x15d92</value>
         <object_component_ref idref="oc-d8"/>
      </symbol>
      <symbol id="sm-40d">
         <name>_putc</name>
         <value>0x15cff</value>
         <object_component_ref idref="oc-d8"/>
      </symbol>
      <symbol id="sm-40e">
         <name>_fputc</name>
         <value>0x15cff</value>
         <object_component_ref idref="oc-d8"/>
      </symbol>
      <symbol id="sm-41a">
         <name>_puts</name>
         <value>0x153b7</value>
         <object_component_ref idref="oc-dc"/>
      </symbol>
      <symbol id="sm-41b">
         <name>_fputs</name>
         <value>0x15268</value>
         <object_component_ref idref="oc-dc"/>
      </symbol>
      <symbol id="sm-425">
         <name>__frcmpyd</name>
         <value>0x15fa6</value>
         <object_component_ref idref="oc-e1"/>
      </symbol>
      <symbol id="sm-42f">
         <name>__frcmpyd_div</name>
         <value>0x1601c</value>
         <object_component_ref idref="oc-e5"/>
      </symbol>
      <symbol id="sm-439">
         <name>___isinf</name>
         <value>0x1673d</value>
         <object_component_ref idref="oc-e9"/>
      </symbol>
      <symbol id="sm-443">
         <name>__divull</name>
         <value>0x14944</value>
         <object_component_ref idref="oc-ed"/>
      </symbol>
      <symbol id="sm-444">
         <name>__mpylli</name>
         <value>0x1488d</value>
         <object_component_ref idref="oc-ed"/>
      </symbol>
      <symbol id="sm-445">
         <name>__remlli</name>
         <value>0x1485e</value>
         <object_component_ref idref="oc-ed"/>
      </symbol>
      <symbol id="sm-446">
         <name>__divlli</name>
         <value>0x14a38</value>
         <object_component_ref idref="oc-ed"/>
      </symbol>
      <symbol id="sm-447">
         <name>__remull</name>
         <value>0x14810</value>
         <object_component_ref idref="oc-ed"/>
      </symbol>
      <symbol id="sm-458">
         <name>_add_device</name>
         <value>0x13852</value>
         <object_component_ref idref="oc-f1"/>
      </symbol>
      <symbol id="sm-459">
         <name>_rename</name>
         <value>0x13583</value>
         <object_component_ref idref="oc-f1"/>
      </symbol>
      <symbol id="sm-45a">
         <name>_read</name>
         <value>0x1360e</value>
         <object_component_ref idref="oc-f1"/>
      </symbol>
      <symbol id="sm-45b">
         <name>_unlink</name>
         <value>0x1354f</value>
         <object_component_ref idref="oc-f1"/>
      </symbol>
      <symbol id="sm-45c">
         <name>_remove_device</name>
         <value>0x135da</value>
         <object_component_ref idref="oc-f1"/>
      </symbol>
      <symbol id="sm-45d">
         <name>_open</name>
         <value>0x136b8</value>
         <object_component_ref idref="oc-f1"/>
      </symbol>
      <symbol id="sm-45e">
         <name>_find_registered_device</name>
         <value>0x137d9</value>
         <object_component_ref idref="oc-f1"/>
      </symbol>
      <symbol id="sm-45f">
         <name>_lseek</name>
         <value>0x13775</value>
         <object_component_ref idref="oc-f1"/>
      </symbol>
      <symbol id="sm-460">
         <name>_close</name>
         <value>0x137e2</value>
         <object_component_ref idref="oc-f1"/>
      </symbol>
      <symbol id="sm-461">
         <name>_write</name>
         <value>0x13422</value>
         <object_component_ref idref="oc-f1"/>
      </symbol>
      <symbol id="sm-46b">
         <name>_ltoa</name>
         <value>0x15e41</value>
         <object_component_ref idref="oc-f7"/>
      </symbol>
      <symbol id="sm-476">
         <name>_memccpy</name>
         <value>0x166e4</value>
         <object_component_ref idref="oc-fb"/>
      </symbol>
      <symbol id="sm-480">
         <name>_memcpy</name>
         <value>0x163bb</value>
         <object_component_ref idref="oc-ff"/>
      </symbol>
      <symbol id="sm-48c">
         <name>_modf</name>
         <value>0x15b88</value>
         <object_component_ref idref="oc-103"/>
      </symbol>
      <symbol id="sm-496">
         <name>__remli</name>
         <value>0x16500</value>
         <object_component_ref idref="oc-108"/>
      </symbol>
      <symbol id="sm-4a1">
         <name>__remul</name>
         <value>0x1608f</value>
         <object_component_ref idref="oc-10c"/>
      </symbol>
      <symbol id="sm-4ad">
         <name>__nround</name>
         <value>0x162a7</value>
         <object_component_ref idref="oc-110"/>
      </symbol>
      <symbol id="sm-4b9">
         <name>_HOSTopen</name>
         <value>0x127ae</value>
         <object_component_ref idref="oc-115"/>
      </symbol>
      <symbol id="sm-4ba">
         <name>_HOSTread</name>
         <value>0x12723</value>
         <object_component_ref idref="oc-115"/>
      </symbol>
      <symbol id="sm-4bb">
         <name>_HOSTtime</name>
         <value>0x1260c</value>
         <object_component_ref idref="oc-115"/>
      </symbol>
      <symbol id="sm-4bc">
         <name>_getenv</name>
         <value>0x12495</value>
         <object_component_ref idref="oc-115"/>
      </symbol>
      <symbol id="sm-4bd">
         <name>_HOSTrename</name>
         <value>0x1266a</value>
         <object_component_ref idref="oc-115"/>
      </symbol>
      <symbol id="sm-4be">
         <name>_HOSTclock</name>
         <value>0x1296f</value>
         <object_component_ref idref="oc-115"/>
      </symbol>
      <symbol id="sm-4bf">
         <name>_HOSTwrite</name>
         <value>0x12515</value>
         <object_component_ref idref="oc-115"/>
      </symbol>
      <symbol id="sm-4c0">
         <name>_HOSTlseek</name>
         <value>0x1284f</value>
         <object_component_ref idref="oc-115"/>
      </symbol>
      <symbol id="sm-4c1">
         <name>_HOSTunlink</name>
         <value>0x125a0</value>
         <object_component_ref idref="oc-115"/>
      </symbol>
      <symbol id="sm-4c2">
         <name>_HOSTclose</name>
         <value>0x12904</value>
         <object_component_ref idref="oc-115"/>
      </symbol>
      <symbol id="sm-4d4">
         <name>C$$IO$$</name>
         <value>0x15b83</value>
         <object_component_ref idref="oc-11d"/>
      </symbol>
      <symbol id="sm-4d5">
         <name>__CIOBUF_</name>
         <value>0xfd0</value>
         <object_component_ref idref="oc-11c"/>
      </symbol>
      <symbol id="sm-4d6">
         <name>_readmsg</name>
         <value>0x1616d</value>
         <object_component_ref idref="oc-11a"/>
      </symbol>
      <symbol id="sm-4d7">
         <name>_writemsg</name>
         <value>0x15aca</value>
         <object_component_ref idref="oc-11d"/>
      </symbol>
      <symbol id="sm-4df">
         <name>__remu</name>
         <value>0x166cf</value>
         <object_component_ref idref="oc-120"/>
      </symbol>
      <symbol id="sm-4e0">
         <name>__divu</name>
         <value>0x166ba</value>
         <object_component_ref idref="oc-120"/>
      </symbol>
      <symbol id="sm-4e1">
         <name>I$$UMOD</name>
         <value>0x166cf</value>
         <object_component_ref idref="oc-120"/>
      </symbol>
      <symbol id="sm-4e2">
         <name>I$$UDIV</name>
         <value>0x166ba</value>
         <object_component_ref idref="oc-120"/>
      </symbol>
      <symbol id="sm-4ec">
         <name>__rd_ok</name>
         <value>0x15a6d</value>
         <object_component_ref idref="oc-124"/>
      </symbol>
      <symbol id="sm-4ed">
         <name>__wrt_ok</name>
         <value>0x159f0</value>
         <object_component_ref idref="oc-124"/>
      </symbol>
      <symbol id="sm-4f7">
         <name>__doflush</name>
         <value>0x15c45</value>
         <object_component_ref idref="oc-128"/>
      </symbol>
      <symbol id="sm-4f8">
         <name>_fflush</name>
         <value>0x15ca7</value>
         <object_component_ref idref="oc-128"/>
      </symbol>
      <symbol id="sm-502">
         <name>_fseek</name>
         <value>0x161d8</value>
         <object_component_ref idref="oc-12c"/>
      </symbol>
      <symbol id="sm-50c">
         <name>_setvbuf</name>
         <value>0x158fd</value>
         <object_component_ref idref="oc-130"/>
      </symbol>
      <symbol id="sm-51b">
         <name>__cleanup</name>
         <value>0x146b9</value>
         <object_component_ref idref="oc-134"/>
      </symbol>
      <symbol id="sm-51c">
         <name>_fopen</name>
         <value>0x147d7</value>
         <object_component_ref idref="oc-134"/>
      </symbol>
      <symbol id="sm-51d">
         <name>_freopen</name>
         <value>0x14711</value>
         <object_component_ref idref="oc-134"/>
      </symbol>
      <symbol id="sm-52d">
         <name>__sys_memory</name>
         <value>0x8000</value>
         <object_component_ref idref="oc-13e"/>
      </symbol>
      <symbol id="sm-52e">
         <name>_chkheap</name>
         <value>0x12eac</value>
         <object_component_ref idref="oc-13a"/>
      </symbol>
      <symbol id="sm-52f">
         <name>_realloc</name>
         <value>0x12c12</value>
         <object_component_ref idref="oc-13a"/>
      </symbol>
      <symbol id="sm-530">
         <name>_free_memory</name>
         <value>0x12e45</value>
         <object_component_ref idref="oc-13a"/>
      </symbol>
      <symbol id="sm-531">
         <name>_max_free</name>
         <value>0x12ddb</value>
         <object_component_ref idref="oc-13a"/>
      </symbol>
      <symbol id="sm-532">
         <name>_free</name>
         <value>0x129cd</value>
         <object_component_ref idref="oc-13a"/>
      </symbol>
      <symbol id="sm-533">
         <name>_calloc</name>
         <value>0x12eb4</value>
         <object_component_ref idref="oc-13a"/>
      </symbol>
      <symbol id="sm-534">
         <name>_malloc</name>
         <value>0x12b11</value>
         <object_component_ref idref="oc-13a"/>
      </symbol>
      <symbol id="sm-535">
         <name>_minit</name>
         <value>0x12a9f</value>
         <object_component_ref idref="oc-13a"/>
      </symbol>
      <symbol id="sm-53f">
         <name>_fclose</name>
         <value>0x15eba</value>
         <object_component_ref idref="oc-141"/>
      </symbol>
      <symbol id="sm-549">
         <name>_remove</name>
         <value>0x167ac</value>
         <object_component_ref idref="oc-145"/>
      </symbol>
   </symbol_table>
</link_info>
